задание: 2.1.1
проект: 211-command-usb
устройство: 2e8a:000a
серийный номер: E66540F0A3599B2C
порт: COM9
начало: 2026-10-03T15:35:36
   0.000 --> enable
   0.130 <-- enable
   0.145 <-- dbg read_line:60 got enable
   0.154 <-- inf handle_command:23 led on
   2.172 --> disable
   2.332 <-- disable
   2.405 <-- dbg read_line:60 got disable
   2.413 <-- inf handle_command:28 led off
   4.430 --> info
   4.513 <-- info
   4.563 <-- dbg read_line:60 got info
   4.572 <-- project: 211-command-usb
   4.585 <-- repo: https://github.com/Ovostch42/es-student
   4.596 <-- board: pico
   4.604 <-- serial: E66540F0A3599B2C
   4.613 <-- chip: manufacturer 0x927, part 0x0002, revision 2
   4.624 <-- pico-sdk: 2.3.0
   6.650 --> nosuchcommand
   6.915 <-- nosuchcommand
   6.950 <-- dbg read_line:60 got nosuchcommand
   6.960 <-- err handle_command:40 unknown command: nosuchcommand
итог: отправлено команд 4, принято строк 17
